
> lunar-fm-website@1.0.0 build
> tsc -b && vite build

(node:29918) Warning: The 'NO_COLOR' env is ignored due to the 'FORCE_COLOR' env being set.
(Use `node --trace-warnings ...` to show where the warning was created)
vite v8.3.1 building client environment for production...
transforming...
[32m✓[0m 71 modules transformed.
rendering chunks...
computing gzip size...
[2mdist/[0m[32mindex.html                                [0m[1;2m     1.26 kB[0m[2m │ gzip:   0.55 kB[0m
[2mdist/[0m[2massets/[0m[32mdm-sans-700-BQ0abr9c.ttf           [0m[1;2m    48.20 kB[0m
[2mdist/[0m[2massets/[0m[32mdm-sans-400-CB7WfZ8W.ttf           [0m[1;2m    48.28 kB[0m
[2mdist/[0m[2massets/[0m[32mdm-sans-500-DCQhiIS7.ttf           [0m[1;2m    48.30 kB[0m
[2mdist/[0m[2massets/[0m[32mbarlow-condensed-500-CCxn3Epz.ttf  [0m[1;2m    81.44 kB[0m
[2mdist/[0m[2massets/[0m[32mnac-0-0-detail-Cxswr8d9.webp       [0m[1;2m   243.47 kB[0m
[2mdist/[0m[2massets/[0m[32mnac-1-1-detail-BtYqtlKu.webp       [0m[1;2m   248.79 kB[0m
[2mdist/[0m[2massets/[0m[32mnac-0-1-detail-CuKeWMfu.webp       [0m[1;2m   264.69 kB[0m
[2mdist/[0m[2massets/[0m[32mnac-1-0-detail-CnMbWlwH.webp       [0m[1;2m   308.00 kB[0m
[2mdist/[0m[2massets/[0m[32mcontext-detail-BOKSTAlh.webp       [0m[1;2m   340.93 kB[0m
[2mdist/[0m[2massets/[0m[32mearth-blue-marble-BRB4WafF.webp    [0m[1;2m   374.08 kB[0m
[2mdist/[0m[2massets/[0m[32mcontext-terrain-CQH5F_NO.f32       [0m[1;2m   398.79 kB[0m
[2mdist/[0m[2massets/[0m[32mwac-regional-detail-BoPI5l4D.webp  [0m[1;2m   526.39 kB[0m
[2mdist/[0m[2massets/[0m[32mlroc-color-4k-DDIgTO3p.webp        [0m[1;2m 2,464.00 kB[0m
[2mdist/[0m[2massets/[0m[32msouth-psr-EicS_k8O.png             [0m[1;2m 3,137.26 kB[0m
[2mdist/[0m[2massets/[0m[32mterrain-C4FNx63Y.f32               [0m[1;2m 4,202.50 kB[0m
[2mdist/[0m[2massets/[0m[32mwac-regional-DRHnfW50.i16          [0m[1;2m 4,718.59 kB[0m
[2mdist/[0m[2massets/[0m[32mlola-height-rg-DTCYuR_A.png        [0m[1;2m13,181.93 kB[0m
[2mdist/[0m[2massets/[0m[35mindex-C0_liLf4.css                 [0m[1;2m    19.27 kB[0m[2m │ gzip:   5.01 kB[0m
[2mdist/[0m[2massets/[0m[36mindex-Cm18TDw0.js                  [0m[1;2m   242.35 kB[0m[2m │ gzip:  76.09 kB[0m
[2mdist/[0m[2massets/[0m[36mLunarScene-BayivGqk.js             [0m[1;2m 1,033.75 kB[0m[2m │ gzip: 277.57 kB[0m

✓ built in 250ms
