(node:93705) Warning: The 'NO_COLOR' env is ignored due to the 'FORCE_COLOR' env being set.
(Use `node --trace-warnings ...` to show where the warning was created)
desktop forward 0
desktop forward 2
desktop forward 4
desktop forward 6
desktop forward 8
desktop forward 10
desktop forward 12
desktop forward 14
desktop forward 16
desktop forward 18
desktop forward 20
desktop forward 22
desktop forward 24
desktop forward 26
desktop forward 28
desktop forward 30
desktop forward 31
desktop forward 32
desktop forward 33
desktop forward 34
desktop forward 34.5
desktop forward 35
desktop forward 36
desktop forward 37
desktop forward 38
desktop forward 39
desktop forward 40
desktop forward 41
desktop forward 42
desktop forward 44
desktop forward 46
desktop forward 48
desktop forward 50
desktop forward 52
desktop forward 53.5
desktop forward 54
desktop forward 56
desktop forward 58
desktop forward 60
desktop forward 62
desktop forward 64
desktop forward 66
desktop forward 67
desktop forward 68
desktop forward 69
desktop forward 70
desktop forward 71
desktop forward 72
desktop forward 72.5
desktop forward 73
desktop forward 74
desktop forward 75
desktop forward 76
desktop forward 77
desktop forward 78
desktop forward 80
desktop forward 82
desktop forward 83
desktop forward 84
desktop forward 85
desktop forward 86
desktop forward 88
desktop forward 90
desktop forward 92
desktop forward 94
desktop forward 96
desktop forward 97
desktop forward 98
desktop forward 99
desktop forward 100
desktop reverse 100
desktop reverse 99
desktop reverse 98
desktop reverse 97
desktop reverse 96
desktop reverse 94
