(node:93770) Warning: The 'NO_COLOR' env is ignored due to the 'FORCE_COLOR' env being set.
(Use `node --trace-warnings ...` to show where the warning was created)
mobile forward 0
mobile forward 4
mobile forward 28
mobile forward 30
mobile forward 32
mobile forward 34.5
mobile forward 38
mobile forward 40
mobile forward 48
mobile forward 52
mobile forward 53.5
mobile forward 56
mobile forward 60
mobile forward 66
mobile forward 68
mobile forward 72.5
mobile forward 74
mobile forward 76
mobile forward 80
mobile forward 84
mobile forward 88
mobile forward 92
mobile forward 96
mobile forward 100
mobile reverse 100
mobile reverse 96
mobile reverse 92
mobile reverse 88
mobile reverse 84
mobile reverse 80
mobile reverse 76
mobile reverse 74
mobile reverse 72.5
mobile reverse 68
mobile reverse 66
mobile reverse 60
mobile reverse 56
mobile reverse 53.5
mobile reverse 52
mobile reverse 48
mobile reverse 40
mobile reverse 38
mobile reverse 34.5
mobile reverse 32
mobile reverse 30
mobile reverse 28
mobile reverse 4
mobile reverse 0
