
> lunar-fm-website@1.0.0 build
> tsc -b && vite build

vite v8.3.1 building client environment for production...
transforming...
✓ 69 modules transformed.
rendering chunks...
computing gzip size...
dist/index.html                                     0.69 kB │ gzip:   0.49 kB
dist/assets/dm-sans-700-BQ0abr9c.ttf               48.20 kB
dist/assets/dm-sans-400-CB7WfZ8W.ttf               48.28 kB
dist/assets/dm-sans-500-DCQhiIS7.ttf               48.30 kB
dist/assets/barlow-condensed-500-CCxn3Epz.ttf      81.44 kB
dist/assets/nac-0-0-detail-Cxswr8d9.webp          243.47 kB
dist/assets/nac-1-1-detail-BtYqtlKu.webp          248.79 kB
dist/assets/nac-0-1-detail-CuKeWMfu.webp          264.69 kB
dist/assets/nac-1-0-detail-CnMbWlwH.webp          308.00 kB
dist/assets/context-detail-BOKSTAlh.webp          340.93 kB
dist/assets/earth-blue-marble-BRB4WafF.webp       374.08 kB
dist/assets/context-terrain-CQH5F_NO.f32          398.79 kB
dist/assets/wac-regional-detail-BoPI5l4D.webp     526.39 kB
dist/assets/lroc-color-4k-DDIgTO3p.webp         2,464.00 kB
dist/assets/terrain-C4FNx63Y.f32                4,202.50 kB
dist/assets/wac-regional-DRHnfW50.i16           4,718.59 kB
dist/assets/lola-height-rg-DTCYuR_A.png        13,181.93 kB
dist/assets/index-DZO0FVaP.css                     16.77 kB │ gzip:   4.64 kB
dist/assets/index-CuCx8Bce.js                     238.88 kB │ gzip:  75.69 kB
dist/assets/LunarScene-DjbDX5Qw.js              1,029.43 kB │ gzip: 276.16 kB

✓ built in 172ms
